// Jest Snapshot v1, https://jestjs.io/docs/snapshot-testing

exports[`Badge matches snapshot 1`] = `
<span
  class="inline-flex items-center justify-center gap-1 rounded-full border px-2 py-0.5 text-xs font-medium whitespace-nowrap transition-colors focus-visible:outline-none focus-visible:ring-2 focus-visible:ring-ring/50 border-border text-foreground"
  data-slot="badge"
>
  S01E01
</span>
`;
